{"level":"info","message":"Gateway Aviator inicializado","timestamp":"2025-11-09 02:42:18"}
{"level":"info","message":"Gateway Aviator inicializado","timestamp":"2025-11-09 02:44:46"}
{"level":"info","message":"Gateway Aviator inicializado","timestamp":"2025-11-09 03:06:36"}
{"level":"info","message":"Gateway Aviator inicializado","timestamp":"2025-11-09 03:07:38"}
{"level":"info","message":"Gateway Aviator inicializado","timestamp":"2025-11-09 03:10:44"}
{"level":"info","message":"Cliente conectado: PBJEcEtWyPG24JGSAAAC","timestamp":"2025-11-09 03:27:20"}
{"level":"info","message":"Cliente PBJEcEtWyPG24JGSAAAC unido a bookmaker:1","timestamp":"2025-11-09 03:27:20"}
{"level":"info","message":"📤 Historial enviado al cliente PBJEcEtWyPG24JGSAAAC: 100 rondas","timestamp":"2025-11-09 03:27:20"}
{"level":"info","message":"Cliente PBJEcEtWyPG24JGSAAAC unido exitosamente a la sala bookmaker:1","timestamp":"2025-11-09 03:27:20"}
{"level":"info","message":"Cliente desconectado: PBJEcEtWyPG24JGSAAAC","timestamp":"2025-11-09 03:27:38"}
{"level":"info","message":"Cliente PBJEcEtWyPG24JGSAAAC saliendo de todas las salas de bookmaker:1","timestamp":"2025-11-09 03:27:38"}
{"level":"info","message":"Limpieza completada para cliente PBJEcEtWyPG24JGSAAAC","timestamp":"2025-11-09 03:27:38"}
{"level":"info","message":"Gateway Aviator inicializado","timestamp":"2025-11-09 10:14:28"}
{"level":"info","message":"Gateway Aviator inicializado","timestamp":"2025-11-09 10:30:58"}
{"level":"info","message":"Gateway Aviator inicializado","timestamp":"2025-11-09 10:31:46"}
{"level":"info","message":"Gateway Aviator inicializado","timestamp":"2025-11-09 10:32:03"}
{"level":"info","message":"Gateway Aviator inicializado","timestamp":"2025-11-09 10:56:05"}
{"level":"info","message":"Gateway Aviator inicializado","timestamp":"2025-11-09 10:56:19"}
{"level":"info","message":"Gateway Aviator inicializado","timestamp":"2025-11-09 10:59:31"}
{"level":"info","message":"Gateway Aviator inicializado","timestamp":"2025-11-09 11:08:42"}
{"level":"info","message":"Gateway Aviator inicializado","timestamp":"2025-11-09 11:12:50"}
{"level":"info","message":"Gateway Aviator inicializado","timestamp":"2025-11-09 11:56:28"}
{"level":"info","message":"Gateway Aviator inicializado","timestamp":"2025-11-09 11:56:41"}
{"level":"info","message":"Cliente conectado: oX1Kb8dNKW-hEoUBAAAQ","timestamp":"2025-11-09 12:05:52"}
{"level":"info","message":"Cliente oX1Kb8dNKW-hEoUBAAAQ unido a bookmaker:1","timestamp":"2025-11-09 12:05:52"}
{"level":"info","message":"📤 Historial enviado al cliente oX1Kb8dNKW-hEoUBAAAQ: 100 rondas","timestamp":"2025-11-09 12:05:52"}
{"level":"info","message":"Cliente oX1Kb8dNKW-hEoUBAAAQ unido exitosamente a la sala bookmaker:1","timestamp":"2025-11-09 12:05:52"}
{"level":"info","message":"Cliente desconectado: oX1Kb8dNKW-hEoUBAAAQ","timestamp":"2025-11-09 12:05:55"}
{"level":"info","message":"Cliente oX1Kb8dNKW-hEoUBAAAQ saliendo de todas las salas de bookmaker:1","timestamp":"2025-11-09 12:05:55"}
{"level":"info","message":"Limpieza completada para cliente oX1Kb8dNKW-hEoUBAAAQ","timestamp":"2025-11-09 12:05:55"}
{"level":"info","message":"Gateway Aviator inicializado","timestamp":"2025-11-09 13:00:00"}
{"level":"info","message":"Gateway Aviator inicializado","timestamp":"2025-11-09 13:00:07"}
{"level":"info","message":"Gateway Aviator inicializado","timestamp":"2025-11-09 13:09:27"}
{"level":"info","message":"Gateway Aviator inicializado","timestamp":"2025-11-09 13:09:38"}
{"level":"info","message":"Gateway Aviator inicializado","timestamp":"2025-11-09 13:18:14"}
{"level":"info","message":"Gateway Aviator inicializado","timestamp":"2025-11-09 13:18:22"}
{"level":"info","message":"Cliente conectado: 1_irqenWtLvUC9vIAAAL","timestamp":"2025-11-09 13:34:39"}
{"level":"info","message":"Cliente 1_irqenWtLvUC9vIAAAL unido a bookmaker:1","timestamp":"2025-11-09 13:34:39"}
{"level":"info","message":"📤 Historial enviado al cliente 1_irqenWtLvUC9vIAAAL: 100 rondas","timestamp":"2025-11-09 13:34:39"}
{"level":"info","message":"Cliente 1_irqenWtLvUC9vIAAAL unido exitosamente a la sala bookmaker:1","timestamp":"2025-11-09 13:34:39"}
{"level":"info","message":"Cliente desconectado: 1_irqenWtLvUC9vIAAAL","timestamp":"2025-11-09 13:34:44"}
{"level":"info","message":"Cliente 1_irqenWtLvUC9vIAAAL saliendo de todas las salas de bookmaker:1","timestamp":"2025-11-09 13:34:44"}
{"level":"info","message":"Limpieza completada para cliente 1_irqenWtLvUC9vIAAAL","timestamp":"2025-11-09 13:34:44"}
{"level":"info","message":"Cliente conectado: 2f3bh74gp_-Eg-G9AAAP","timestamp":"2025-11-09 13:38:25"}
{"level":"info","message":"Cliente 2f3bh74gp_-Eg-G9AAAP unido a bookmaker:1","timestamp":"2025-11-09 13:38:25"}
{"level":"info","message":"📤 Historial enviado al cliente 2f3bh74gp_-Eg-G9AAAP: 100 rondas","timestamp":"2025-11-09 13:38:25"}
{"level":"info","message":"Cliente 2f3bh74gp_-Eg-G9AAAP unido exitosamente a la sala bookmaker:1","timestamp":"2025-11-09 13:38:25"}
{"level":"info","message":"Cliente desconectado: 2f3bh74gp_-Eg-G9AAAP","timestamp":"2025-11-09 13:38:29"}
{"level":"info","message":"Cliente 2f3bh74gp_-Eg-G9AAAP saliendo de todas las salas de bookmaker:1","timestamp":"2025-11-09 13:38:29"}
{"level":"info","message":"Limpieza completada para cliente 2f3bh74gp_-Eg-G9AAAP","timestamp":"2025-11-09 13:38:29"}
{"level":"info","message":"Cliente conectado: DOG7SvSdczPr4oZ3AAAh","timestamp":"2025-11-09 13:41:12"}
{"level":"info","message":"Cliente DOG7SvSdczPr4oZ3AAAh unido a bookmaker:1","timestamp":"2025-11-09 13:41:12"}
{"level":"info","message":"📤 Historial enviado al cliente DOG7SvSdczPr4oZ3AAAh: 100 rondas","timestamp":"2025-11-09 13:41:13"}
{"level":"info","message":"Cliente DOG7SvSdczPr4oZ3AAAh unido exitosamente a la sala bookmaker:1","timestamp":"2025-11-09 13:41:13"}
{"level":"info","message":"Cliente desconectado: DOG7SvSdczPr4oZ3AAAh","timestamp":"2025-11-09 13:41:22"}
{"level":"info","message":"Cliente DOG7SvSdczPr4oZ3AAAh saliendo de todas las salas de bookmaker:1","timestamp":"2025-11-09 13:41:22"}
{"level":"info","message":"Limpieza completada para cliente DOG7SvSdczPr4oZ3AAAh","timestamp":"2025-11-09 13:41:22"}
{"level":"info","message":"Gateway Aviator inicializado","timestamp":"2025-11-09 14:17:07"}
{"level":"info","message":"Gateway Aviator inicializado","timestamp":"2025-11-09 15:37:37"}
{"level":"info","message":"Gateway Aviator inicializado","timestamp":"2025-11-09 15:37:41"}
{"level":"info","message":"Gateway Aviator inicializado","timestamp":"2025-11-09 21:21:03"}
{"level":"info","message":"✅ Inicializando conexiones WebSocket de Aviator","timestamp":"2025-11-09 21:36:16"}
{"level":"info","message":"🔑 [DEBUG] Bookmaker 3 - auth_message: gALaEgADAAFjAgAAAWEDAAEAAXASAAQAAnpuCAASYXZpYXRvcl...","timestamp":"2025-11-09 21:36:16"}
{"level":"info","message":"Estado WebSocket actualizado en BD para bookmaker 3: CONNECTING","timestamp":"2025-11-09 21:36:17"}
{"level":"info","message":"WebSocket connected for bookmaker 3","timestamp":"2025-11-09 21:36:17"}
{"level":"info","message":"Estado WebSocket actualizado en BD para bookmaker 3: CONNECTED","timestamp":"2025-11-09 21:36:18"}
{"level":"info","message":"WebSocket closed for bookmaker 3 (code: 1000, reason: )","timestamp":"2025-11-09 21:36:49"}
{"level":"info","message":"Attempting to reconnect for bookmaker 3 (Attempt 1/10) in 3738ms","timestamp":"2025-11-09 21:36:49"}
{"level":"info","message":"Estado WebSocket actualizado en BD para bookmaker 3: CONNECTING","timestamp":"2025-11-09 21:36:51"}
{"level":"info","message":"Estado WebSocket actualizado en BD para bookmaker 3: DISCONNECTED","timestamp":"2025-11-09 21:36:52"}
{"level":"info","message":"🔑 [DEBUG] Bookmaker 3 - auth_message: gALaEgADAAFjAgAAAWEDAAEAAXASAAQAAnpuCAASYXZpYXRvcl...","timestamp":"2025-11-09 21:36:53"}
{"level":"info","message":"Closed existing WebSocket for bookmaker 3","timestamp":"2025-11-09 21:36:53"}
{"level":"info","message":"WebSocket connected for bookmaker 3","timestamp":"2025-11-09 21:36:54"}
{"level":"info","message":"Estado WebSocket actualizado en BD para bookmaker 3: CONNECTING","timestamp":"2025-11-09 21:36:54"}
{"level":"info","message":"Estado WebSocket actualizado en BD para bookmaker 3: CONNECTED","timestamp":"2025-11-09 21:36:54"}
{"level":"info","message":"Cliente conectado: 5OWeGXjL1SywZOHsAAAB","timestamp":"2025-11-09 21:37:26"}
{"level":"info","message":"Cliente 5OWeGXjL1SywZOHsAAAB unido a bookmaker:1","timestamp":"2025-11-09 21:37:27"}
{"level":"info","message":"📤 Historial enviado al cliente 5OWeGXjL1SywZOHsAAAB: 100 rondas","timestamp":"2025-11-09 21:37:27"}
{"level":"info","message":"Cliente 5OWeGXjL1SywZOHsAAAB unido exitosamente a la sala bookmaker:1","timestamp":"2025-11-09 21:37:27"}
{"level":"info","message":"WebSocket closed for bookmaker 3 (code: 1000, reason: )","timestamp":"2025-11-09 21:37:29"}
{"level":"info","message":"Attempting to reconnect for bookmaker 3 (Attempt 2/10) in 6003ms","timestamp":"2025-11-09 21:37:29"}
{"level":"info","message":"Estado WebSocket actualizado en BD para bookmaker 3: CONNECTING","timestamp":"2025-11-09 21:37:30"}
{"level":"info","message":"Estado WebSocket actualizado en BD para bookmaker 3: DISCONNECTED","timestamp":"2025-11-09 21:37:30"}
{"level":"info","message":"Cliente desconectado: 5OWeGXjL1SywZOHsAAAB","timestamp":"2025-11-09 21:37:31"}
{"level":"info","message":"Cliente 5OWeGXjL1SywZOHsAAAB saliendo de todas las salas de bookmaker:1","timestamp":"2025-11-09 21:37:31"}
{"level":"info","message":"Limpieza completada para cliente 5OWeGXjL1SywZOHsAAAB","timestamp":"2025-11-09 21:37:31"}
{"level":"info","message":"🔑 [DEBUG] Bookmaker 3 - auth_message: gALaEgADAAFjAgAAAWEDAAEAAXASAAQAAnpuCAASYXZpYXRvcl...","timestamp":"2025-11-09 21:37:35"}
{"level":"info","message":"Closed existing WebSocket for bookmaker 3","timestamp":"2025-11-09 21:37:35"}
{"level":"info","message":"Cliente conectado: ttbx3_oRwMFNzliHAAAD","timestamp":"2025-11-09 21:37:35"}
{"level":"info","message":"Cliente ttbx3_oRwMFNzliHAAAD unido a bookmaker:1","timestamp":"2025-11-09 21:37:35"}
{"level":"info","message":"Estado WebSocket actualizado en BD para bookmaker 3: CONNECTING","timestamp":"2025-11-09 21:37:36"}
{"level":"info","message":"WebSocket connected for bookmaker 3","timestamp":"2025-11-09 21:37:36"}
{"level":"info","message":"📤 Historial enviado al cliente ttbx3_oRwMFNzliHAAAD: 100 rondas","timestamp":"2025-11-09 21:37:36"}
{"level":"info","message":"Cliente ttbx3_oRwMFNzliHAAAD unido exitosamente a la sala bookmaker:1","timestamp":"2025-11-09 21:37:36"}
{"level":"info","message":"Estado WebSocket actualizado en BD para bookmaker 3: CONNECTED","timestamp":"2025-11-09 21:37:37"}
{"level":"info","message":"WebSocket closed for bookmaker 3 (code: 1000, reason: )","timestamp":"2025-11-09 21:38:09"}
{"level":"info","message":"Attempting to reconnect for bookmaker 3 (Attempt 3/10) in 12710ms","timestamp":"2025-11-09 21:38:09"}
{"level":"info","message":"Estado WebSocket actualizado en BD para bookmaker 3: DISCONNECTED","timestamp":"2025-11-09 21:38:10"}
{"level":"info","message":"Estado WebSocket actualizado en BD para bookmaker 3: CONNECTING","timestamp":"2025-11-09 21:38:11"}
{"level":"info","message":"🔑 [DEBUG] Bookmaker 3 - auth_message: gALaEgADAAFjAgAAAWEDAAEAAXASAAQAAnpuCAASYXZpYXRvcl...","timestamp":"2025-11-09 21:38:22"}
{"level":"info","message":"Closed existing WebSocket for bookmaker 3","timestamp":"2025-11-09 21:38:22"}
{"level":"info","message":"Estado WebSocket actualizado en BD para bookmaker 3: CONNECTING","timestamp":"2025-11-09 21:38:22"}
{"level":"info","message":"WebSocket connected for bookmaker 3","timestamp":"2025-11-09 21:38:23"}
{"level":"info","message":"Estado WebSocket actualizado en BD para bookmaker 3: CONNECTED","timestamp":"2025-11-09 21:38:24"}
{"level":"info","message":"WebSocket closed for bookmaker 3 (code: 1000, reason: )","timestamp":"2025-11-09 21:38:59"}
{"level":"info","message":"Attempting to reconnect for bookmaker 3 (Attempt 4/10) in 24042ms","timestamp":"2025-11-09 21:38:59"}
{"level":"info","message":"Estado WebSocket actualizado en BD para bookmaker 3: CONNECTING","timestamp":"2025-11-09 21:39:01"}
{"level":"info","message":"Estado WebSocket actualizado en BD para bookmaker 3: DISCONNECTED","timestamp":"2025-11-09 21:39:01"}
{"level":"info","message":"🔑 [DEBUG] Bookmaker 3 - auth_message: gALaEgADAAFjAgAAAWEDAAEAAXASAAQAAnpuCAASYXZpYXRvcl...","timestamp":"2025-11-09 21:39:23"}
{"level":"info","message":"Closed existing WebSocket for bookmaker 3","timestamp":"2025-11-09 21:39:23"}
{"level":"info","message":"Estado WebSocket actualizado en BD para bookmaker 3: CONNECTING","timestamp":"2025-11-09 21:39:24"}
{"level":"info","message":"WebSocket connected for bookmaker 3","timestamp":"2025-11-09 21:39:24"}
{"level":"info","message":"Estado WebSocket actualizado en BD para bookmaker 3: CONNECTED","timestamp":"2025-11-09 21:39:25"}
{"level":"info","message":"WebSocket closed for bookmaker 3 (code: 1000, reason: )","timestamp":"2025-11-09 21:40:00"}
{"level":"info","message":"Attempting to reconnect for bookmaker 3 (Attempt 5/10) in 48239ms","timestamp":"2025-11-09 21:40:00"}
{"level":"info","message":"Estado WebSocket actualizado en BD para bookmaker 3: CONNECTING","timestamp":"2025-11-09 21:40:01"}
{"level":"info","message":"Estado WebSocket actualizado en BD para bookmaker 3: DISCONNECTED","timestamp":"2025-11-09 21:40:02"}
{"level":"info","message":"🔑 [DEBUG] Bookmaker 3 - auth_message: gALaEgADAAFjAgAAAWEDAAEAAXASAAQAAnpuCAASYXZpYXRvcl...","timestamp":"2025-11-09 21:40:48"}
{"level":"info","message":"Closed existing WebSocket for bookmaker 3","timestamp":"2025-11-09 21:40:48"}
{"level":"info","message":"Estado WebSocket actualizado en BD para bookmaker 3: CONNECTING","timestamp":"2025-11-09 21:40:49"}
{"level":"info","message":"WebSocket connected for bookmaker 3","timestamp":"2025-11-09 21:40:49"}
{"level":"info","message":"Estado WebSocket actualizado en BD para bookmaker 3: CONNECTED","timestamp":"2025-11-09 21:40:50"}
{"level":"info","message":"WebSocket closed for bookmaker 3 (code: 1000, reason: )","timestamp":"2025-11-09 21:41:29"}
{"level":"info","message":"Attempting to reconnect for bookmaker 3 (Attempt 6/10) in 60169ms","timestamp":"2025-11-09 21:41:29"}
{"level":"info","message":"Estado WebSocket actualizado en BD para bookmaker 3: DISCONNECTED","timestamp":"2025-11-09 21:41:31"}
{"level":"info","message":"Estado WebSocket actualizado en BD para bookmaker 3: CONNECTING","timestamp":"2025-11-09 21:41:31"}
{"level":"info","message":"🔑 [DEBUG] Bookmaker 3 - auth_message: gALaEgADAAFjAgAAAWEDAAEAAXASAAQAAnpuCAASYXZpYXRvcl...","timestamp":"2025-11-09 21:42:29"}
{"level":"info","message":"Closed existing WebSocket for bookmaker 3","timestamp":"2025-11-09 21:42:29"}
{"level":"info","message":"WebSocket connected for bookmaker 3","timestamp":"2025-11-09 21:42:30"}
{"level":"info","message":"Estado WebSocket actualizado en BD para bookmaker 3: CONNECTING","timestamp":"2025-11-09 21:42:30"}
{"level":"info","message":"Estado WebSocket actualizado en BD para bookmaker 3: CONNECTED","timestamp":"2025-11-09 21:42:32"}
{"level":"info","message":"WebSocket closed for bookmaker 3 (code: 1000, reason: )","timestamp":"2025-11-09 21:43:09"}
{"level":"info","message":"Attempting to reconnect for bookmaker 3 (Attempt 7/10) in 60647ms","timestamp":"2025-11-09 21:43:09"}
{"level":"info","message":"Estado WebSocket actualizado en BD para bookmaker 3: DISCONNECTED","timestamp":"2025-11-09 21:43:10"}
{"level":"info","message":"Estado WebSocket actualizado en BD para bookmaker 3: CONNECTING","timestamp":"2025-11-09 21:43:11"}
{"level":"info","message":"Gateway Aviator inicializado","timestamp":"2025-11-09 21:43:19"}
{"level":"info","message":"Cliente conectado: 0R910MT4DdJvm4zbAAAB","timestamp":"2025-11-09 21:43:22"}
{"level":"info","message":"Cliente 0R910MT4DdJvm4zbAAAB unido a bookmaker:1","timestamp":"2025-11-09 21:43:22"}
{"level":"info","message":"📤 Historial enviado al cliente 0R910MT4DdJvm4zbAAAB: 100 rondas","timestamp":"2025-11-09 21:43:23"}
{"level":"info","message":"Cliente 0R910MT4DdJvm4zbAAAB unido exitosamente a la sala bookmaker:1","timestamp":"2025-11-09 21:43:23"}
{"level":"info","message":"Cliente desconectado: 0R910MT4DdJvm4zbAAAB","timestamp":"2025-11-09 21:46:40"}
{"level":"info","message":"Cliente 0R910MT4DdJvm4zbAAAB saliendo de todas las salas de bookmaker:1","timestamp":"2025-11-09 21:46:40"}
{"level":"info","message":"Limpieza completada para cliente 0R910MT4DdJvm4zbAAAB","timestamp":"2025-11-09 21:46:40"}
{"level":"info","message":"Cliente conectado: VA0Fw0FUD-Rke3LpAAAD","timestamp":"2025-11-09 21:46:45"}
{"level":"info","message":"Cliente VA0Fw0FUD-Rke3LpAAAD unido a bookmaker:1","timestamp":"2025-11-09 21:46:45"}
{"level":"info","message":"📤 Historial enviado al cliente VA0Fw0FUD-Rke3LpAAAD: 100 rondas","timestamp":"2025-11-09 21:46:46"}
{"level":"info","message":"Cliente VA0Fw0FUD-Rke3LpAAAD unido exitosamente a la sala bookmaker:1","timestamp":"2025-11-09 21:46:46"}
